// Vitest Snapshot v1, https://vitest.dev/guide/snapshot.html

exports[`RandomPassword > Coincidir con la instacia 1`] = `
"<div class="flex flex-col justify-center items-center mt-10">
  <div class="flex flex-col items-center justify-center w-[50rem] h-60 rounded-xl text-[#1b933b] bg-[#060a07]">
    <div class="mb-3">
      <h2 class="text-4xl text-[#eff1ef]">Crear Contraseña Aleatoria</h2>
    </div>
    <div class="flex justify-center gap-3 items-center w-full h-15">
      <div class=""><input type="text" class="p-1 w-[33rem] text-center" readonly="" value=""></div>
      <div><svg xmlns="http://www.w3.org/2000/svg" width="40" height="40" viewBox="0 0 24 24" class="cursor-pointer">
          <g fill="none" stroke="#eab308" stroke-linecap="round" stroke-linejoin="round" stroke-width="2">
            <path d="M16 3H4v13"></path>
            <path d="M8 7h12v12a2 2 0 0 1-2 2h-8a2 2 0 0 1-2-2z"></path>
          </g>
        </svg></div>
    </div><button class="p-3 mt-3 text-[#1e2733] bg-[#95daa7] rounded-lg">Generar Contraseña</button>
  </div>
</div>"
`;

exports[`RandomPassword > Se renderiza correctamente 1`] = `
"<div class="flex flex-col justify-center items-center mt-10">
  <div class="flex flex-col items-center justify-center w-[50rem] h-60 rounded-xl text-[#1b933b] bg-[#060a07]">
    <div class="mb-3">
      <h2 class="text-4xl text-[#eff1ef]">Crear Contraseña Aleatoria</h2>
    </div>
    <div class="flex justify-center gap-3 items-center w-full h-15">
      <div class=""><input type="text" class="p-1 w-[33rem] text-center" readonly="" value=""></div>
      <div><svg xmlns="http://www.w3.org/2000/svg" width="40" height="40" viewBox="0 0 24 24" class="cursor-pointer">
          <g fill="none" stroke="#eab308" stroke-linecap="round" stroke-linejoin="round" stroke-width="2">
            <path d="M16 3H4v13"></path>
            <path d="M8 7h12v12a2 2 0 0 1-2 2h-8a2 2 0 0 1-2-2z"></path>
          </g>
        </svg></div>
    </div><button class="p-3 mt-3 text-[#1e2733] bg-[#95daa7] rounded-lg">Generar Contraseña</button>
  </div>
</div>"
`;

exports[`RandomPassword > matches the snapshot 1`] = `
"<div class="flex flex-col justify-center items-center mt-10">
  <div class="flex flex-col items-center justify-center w-[50rem] h-60 rounded-xl text-[#1b933b] bg-[#060a07]">
    <div class="mb-3">
      <h2 class="text-4xl text-[#eff1ef]">Crear Contraseña Aleatoria</h2>
    </div>
    <div class="flex justify-center gap-3 items-center w-full h-15">
      <div class=""><input type="text" class="p-1 w-[33rem] text-center" readonly="" value=""></div>
      <div><svg xmlns="http://www.w3.org/2000/svg" width="40" height="40" viewBox="0 0 24 24" class="cursor-pointer">
          <g fill="none" stroke="#eab308" stroke-linecap="round" stroke-linejoin="round" stroke-width="2">
            <path d="M16 3H4v13"></path>
            <path d="M8 7h12v12a2 2 0 0 1-2 2h-8a2 2 0 0 1-2-2z"></path>
          </g>
        </svg></div>
    </div><button class="p-3 mt-3 text-[#1e2733] bg-[#95daa7] rounded-lg">Generar Contraseña</button>
  </div>
</div>"
`;

exports[`RandomPassword > renders correctly 1`] = `
"<div class="flex flex-col justify-center items-center mt-10">
  <div class="flex flex-col items-center justify-center w-[50rem] h-60 rounded-xl text-[#1b933b] bg-[#060a07]">
    <div class="mb-3">
      <h2 class="text-4xl text-[#eff1ef]">Crear Contraseña Aleatoria</h2>
    </div>
    <div class="flex justify-center gap-3 items-center w-full h-15">
      <div class=""><input type="text" class="p-1 w-[33rem] text-center" readonly="" value=""></div>
      <div><svg xmlns="http://www.w3.org/2000/svg" width="40" height="40" viewBox="0 0 24 24" class="cursor-pointer">
          <g fill="none" stroke="#eab308" stroke-linecap="round" stroke-linejoin="round" stroke-width="2">
            <path d="M16 3H4v13"></path>
            <path d="M8 7h12v12a2 2 0 0 1-2 2h-8a2 2 0 0 1-2-2z"></path>
          </g>
        </svg></div>
    </div><button class="p-3 mt-3 text-[#1e2733] bg-[#95daa7] rounded-lg">Generar Contraseña</button>
  </div>
</div>"
`;
